---
source: crates/rome_formatter_test/src/snapshot_builder.rs
info: typescript/decorators-ts/angular.ts
---

# Input

```ts
@Component({
  selector: 'toh-hero-button',
  template: `<button>{{label}}</button>`
})
export class HeroButtonComponent {
  @Output() change = new EventEmitter<any>();
  @Input() label: string;
}

```


# Prettier differences

```diff
--- Prettier
+++ Rome
@@ -1,6 +1,6 @@
 @Component({
-  selector: "toh-hero-button",
-  template: `<button>{{ label }}</button>`,
+  selector: 'toh-hero-button',
+  template: `<button>{{label}}</button>`
 })
 export class HeroButtonComponent {
   @Output() change = new EventEmitter<any>();
```

# Output

```ts
@Component({
  selector: 'toh-hero-button',
  template: `<button>{{label}}</button>`
})
export class HeroButtonComponent {
  @Output() change = new EventEmitter<any>();
  @Input() label: string;
}
```

# Errors
```
angular.ts:1:1 parse ━━━━━━━━━━━━━━━━━━━━━━━━━━━━━━━━━━━━━━━━━━━━━━━━━━━━━━━━━━━━━━━━━━━━━━━━━━━━━━━

  × Decorators are not valid here.
  
  > 1 │ @Component({
      │ ^^^^^^^^^^^^
  > 2 │   selector: 'toh-hero-button',
  > 3 │   template: `<button>{{label}}</button>`
  > 4 │ })
      │ ^^
    5 │ export class HeroButtonComponent {
    6 │   @Output() change = new EventEmitter<any>();
  

```


