---
source: crates/rome_js_analyze/tests/spec_tests.rs
expression: invalid.jsx
---
# Input
```js
let a = <img alt="Photo of friend." />;
let a = <img alt="Picture of friend." />;
let a = <img alt="Image of friend." />;
let a = <img alt="PhOtO of friend." />;
let a = <img alt={"photo"} />;
let a = <img alt="piCTUre of friend." />;
let a = <img alt="imAGE of friend." />;
let a = <img alt="photo of cool person" aria-hidden={false} />;
let a = <img alt="picture of cool person" aria-hidden={false} />;
let a = <img alt="image of cool person" aria-hidden={false} />;
let a = <img alt="image of cool person" aria-hidden="false" />;
let a = <img alt="photo" {...this.props} />;
let a = <img alt="image" {...this.props} />;
let a = <img alt="picture" {...this.props} />;

```

# Diagnostics
```
invalid.jsx:1:14 lint/a11y/noRedundantAlt ━━━━━━━━━━━━━━━━━━━━━━━━━━━━━━━━━━━━━━━━━━━━━━━━━━━━━━━━━━

  ! Avoid the words "image", "picture", or "photo" in img element alt text.
  
  > 1 │ let a = <img alt="Photo of friend." />;
      │              ^^^^^^^^^^^^^^^^^^^^^^
    2 │ let a = <img alt="Picture of friend." />;
    3 │ let a = <img alt="Image of friend." />;
  
  i Screen readers announce img elements as "images", so it is not necessary to redeclare this in alternative text.
  

```

```
invalid.jsx:2:14 lint/a11y/noRedundantAlt ━━━━━━━━━━━━━━━━━━━━━━━━━━━━━━━━━━━━━━━━━━━━━━━━━━━━━━━━━━

  ! Avoid the words "image", "picture", or "photo" in img element alt text.
  
    1 │ let a = <img alt="Photo of friend." />;
  > 2 │ let a = <img alt="Picture of friend." />;
      │              ^^^^^^^^^^^^^^^^^^^^^^^^
    3 │ let a = <img alt="Image of friend." />;
    4 │ let a = <img alt="PhOtO of friend." />;
  
  i Screen readers announce img elements as "images", so it is not necessary to redeclare this in alternative text.
  

```

```
invalid.jsx:3:14 lint/a11y/noRedundantAlt ━━━━━━━━━━━━━━━━━━━━━━━━━━━━━━━━━━━━━━━━━━━━━━━━━━━━━━━━━━

  ! Avoid the words "image", "picture", or "photo" in img element alt text.
  
    1 │ let a = <img alt="Photo of friend." />;
    2 │ let a = <img alt="Picture of friend." />;
  > 3 │ let a = <img alt="Image of friend." />;
      │              ^^^^^^^^^^^^^^^^^^^^^^
    4 │ let a = <img alt="PhOtO of friend." />;
    5 │ let a = <img alt={"photo"} />;
  
  i Screen readers announce img elements as "images", so it is not necessary to redeclare this in alternative text.
  

```

```
invalid.jsx:4:14 lint/a11y/noRedundantAlt ━━━━━━━━━━━━━━━━━━━━━━━━━━━━━━━━━━━━━━━━━━━━━━━━━━━━━━━━━━

  ! Avoid the words "image", "picture", or "photo" in img element alt text.
  
    2 │ let a = <img alt="Picture of friend." />;
    3 │ let a = <img alt="Image of friend." />;
  > 4 │ let a = <img alt="PhOtO of friend." />;
      │              ^^^^^^^^^^^^^^^^^^^^^^
    5 │ let a = <img alt={"photo"} />;
    6 │ let a = <img alt="piCTUre of friend." />;
  
  i Screen readers announce img elements as "images", so it is not necessary to redeclare this in alternative text.
  

```

```
invalid.jsx:5:14 lint/a11y/noRedundantAlt ━━━━━━━━━━━━━━━━━━━━━━━━━━━━━━━━━━━━━━━━━━━━━━━━━━━━━━━━━━

  ! Avoid the words "image", "picture", or "photo" in img element alt text.
  
    3 │ let a = <img alt="Image of friend." />;
    4 │ let a = <img alt="PhOtO of friend." />;
  > 5 │ let a = <img alt={"photo"} />;
      │              ^^^^^^^^^^^^^
    6 │ let a = <img alt="piCTUre of friend." />;
    7 │ let a = <img alt="imAGE of friend." />;
  
  i Screen readers announce img elements as "images", so it is not necessary to redeclare this in alternative text.
  

```

```
invalid.jsx:6:14 lint/a11y/noRedundantAlt ━━━━━━━━━━━━━━━━━━━━━━━━━━━━━━━━━━━━━━━━━━━━━━━━━━━━━━━━━━

  ! Avoid the words "image", "picture", or "photo" in img element alt text.
  
    4 │ let a = <img alt="PhOtO of friend." />;
    5 │ let a = <img alt={"photo"} />;
  > 6 │ let a = <img alt="piCTUre of friend." />;
      │              ^^^^^^^^^^^^^^^^^^^^^^^^
    7 │ let a = <img alt="imAGE of friend." />;
    8 │ let a = <img alt="photo of cool person" aria-hidden={false} />;
  
  i Screen readers announce img elements as "images", so it is not necessary to redeclare this in alternative text.
  

```

```
invalid.jsx:7:14 lint/a11y/noRedundantAlt ━━━━━━━━━━━━━━━━━━━━━━━━━━━━━━━━━━━━━━━━━━━━━━━━━━━━━━━━━━

  ! Avoid the words "image", "picture", or "photo" in img element alt text.
  
    5 │ let a = <img alt={"photo"} />;
    6 │ let a = <img alt="piCTUre of friend." />;
  > 7 │ let a = <img alt="imAGE of friend." />;
      │              ^^^^^^^^^^^^^^^^^^^^^^
    8 │ let a = <img alt="photo of cool person" aria-hidden={false} />;
    9 │ let a = <img alt="picture of cool person" aria-hidden={false} />;
  
  i Screen readers announce img elements as "images", so it is not necessary to redeclare this in alternative text.
  

```

```
invalid.jsx:8:14 lint/a11y/noRedundantAlt ━━━━━━━━━━━━━━━━━━━━━━━━━━━━━━━━━━━━━━━━━━━━━━━━━━━━━━━━━━

  ! Avoid the words "image", "picture", or "photo" in img element alt text.
  
     6 │ let a = <img alt="piCTUre of friend." />;
     7 │ let a = <img alt="imAGE of friend." />;
   > 8 │ let a = <img alt="photo of cool person" aria-hidden={false} />;
       │              ^^^^^^^^^^^^^^^^^^^^^^^^^^
     9 │ let a = <img alt="picture of cool person" aria-hidden={false} />;
    10 │ let a = <img alt="image of cool person" aria-hidden={false} />;
  
  i Screen readers announce img elements as "images", so it is not necessary to redeclare this in alternative text.
  

```

```
invalid.jsx:9:14 lint/a11y/noRedundantAlt ━━━━━━━━━━━━━━━━━━━━━━━━━━━━━━━━━━━━━━━━━━━━━━━━━━━━━━━━━━

  ! Avoid the words "image", "picture", or "photo" in img element alt text.
  
     7 │ let a = <img alt="imAGE of friend." />;
     8 │ let a = <img alt="photo of cool person" aria-hidden={false} />;
   > 9 │ let a = <img alt="picture of cool person" aria-hidden={false} />;
       │              ^^^^^^^^^^^^^^^^^^^^^^^^^^^^
    10 │ let a = <img alt="image of cool person" aria-hidden={false} />;
    11 │ let a = <img alt="image of cool person" aria-hidden="false" />;
  
  i Screen readers announce img elements as "images", so it is not necessary to redeclare this in alternative text.
  

```

```
invalid.jsx:10:14 lint/a11y/noRedundantAlt ━━━━━━━━━━━━━━━━━━━━━━━━━━━━━━━━━━━━━━━━━━━━━━━━━━━━━━━━━

  ! Avoid the words "image", "picture", or "photo" in img element alt text.
  
     8 │ let a = <img alt="photo of cool person" aria-hidden={false} />;
     9 │ let a = <img alt="picture of cool person" aria-hidden={false} />;
  > 10 │ let a = <img alt="image of cool person" aria-hidden={false} />;
       │              ^^^^^^^^^^^^^^^^^^^^^^^^^^
    11 │ let a = <img alt="image of cool person" aria-hidden="false" />;
    12 │ let a = <img alt="photo" {...this.props} />;
  
  i Screen readers announce img elements as "images", so it is not necessary to redeclare this in alternative text.
  

```

```
invalid.jsx:11:14 lint/a11y/noRedundantAlt ━━━━━━━━━━━━━━━━━━━━━━━━━━━━━━━━━━━━━━━━━━━━━━━━━━━━━━━━━

  ! Avoid the words "image", "picture", or "photo" in img element alt text.
  
     9 │ let a = <img alt="picture of cool person" aria-hidden={false} />;
    10 │ let a = <img alt="image of cool person" aria-hidden={false} />;
  > 11 │ let a = <img alt="image of cool person" aria-hidden="false" />;
       │              ^^^^^^^^^^^^^^^^^^^^^^^^^^
    12 │ let a = <img alt="photo" {...this.props} />;
    13 │ let a = <img alt="image" {...this.props} />;
  
  i Screen readers announce img elements as "images", so it is not necessary to redeclare this in alternative text.
  

```

```
invalid.jsx:12:14 lint/a11y/noRedundantAlt ━━━━━━━━━━━━━━━━━━━━━━━━━━━━━━━━━━━━━━━━━━━━━━━━━━━━━━━━━

  ! Avoid the words "image", "picture", or "photo" in img element alt text.
  
    10 │ let a = <img alt="image of cool person" aria-hidden={false} />;
    11 │ let a = <img alt="image of cool person" aria-hidden="false" />;
  > 12 │ let a = <img alt="photo" {...this.props} />;
       │              ^^^^^^^^^^^
    13 │ let a = <img alt="image" {...this.props} />;
    14 │ let a = <img alt="picture" {...this.props} />;
  
  i Screen readers announce img elements as "images", so it is not necessary to redeclare this in alternative text.
  

```

```
invalid.jsx:13:14 lint/a11y/noRedundantAlt ━━━━━━━━━━━━━━━━━━━━━━━━━━━━━━━━━━━━━━━━━━━━━━━━━━━━━━━━━

  ! Avoid the words "image", "picture", or "photo" in img element alt text.
  
    11 │ let a = <img alt="image of cool person" aria-hidden="false" />;
    12 │ let a = <img alt="photo" {...this.props} />;
  > 13 │ let a = <img alt="image" {...this.props} />;
       │              ^^^^^^^^^^^
    14 │ let a = <img alt="picture" {...this.props} />;
    15 │ 
  
  i Screen readers announce img elements as "images", so it is not necessary to redeclare this in alternative text.
  

```

```
invalid.jsx:14:14 lint/a11y/noRedundantAlt ━━━━━━━━━━━━━━━━━━━━━━━━━━━━━━━━━━━━━━━━━━━━━━━━━━━━━━━━━

  ! Avoid the words "image", "picture", or "photo" in img element alt text.
  
    12 │ let a = <img alt="photo" {...this.props} />;
    13 │ let a = <img alt="image" {...this.props} />;
  > 14 │ let a = <img alt="picture" {...this.props} />;
       │              ^^^^^^^^^^^^^
    15 │ 
  
  i Screen readers announce img elements as "images", so it is not necessary to redeclare this in alternative text.
  

```


