---
source: crates/rome_formatter_test/src/snapshot_builder.rs
info: js/decorators/class-expression/arguments.js
---

# Input

```js
console.log(@deco class Foo {})
console.log(@deco class {})

```


# Prettier differences

```diff
--- Prettier
+++ Rome
@@ -1,12 +1,2 @@
-console.log(
-  (
-    @deco
-    class Foo {}
-  ),
-);
-console.log(
-  (
-    @deco
-    class {}
-  ),
-);
+console.log(@deco class Foo {});
+console.log(@deco class {});
```

# Output

```js
console.log(@deco class Foo {});
console.log(@deco class {});
```


