---
source: crates/rome_formatter_test/src/snapshot_builder.rs
info: js/decorators/class-expression/class-expression.js
---

# Input

```js
const a1 = (@deco class Foo {});
const a2 = (@deco class {});

(@deco class Foo {});
(@deco class {});

const b1 = []
;(@deco class Foo {})

const b2 = []
;(@deco class {})

// This is not a `ClassExpression` but `ClassDeclaration`
@deco class Foo {}

```


# Prettier differences

```diff
--- Prettier
+++ Rome
@@ -1,34 +1,18 @@
-const a1 =
-  (
-    @deco
-    class Foo {}
-  );
-const a2 =
-  (
-    @deco
-    class {}
-  );
+const a1 = @deco class Foo {};
+const a2 = @deco class {};
 
-(
-  @deco
-  class Foo {}
-);
-(
-  @deco
-  class {}
-);
+(@deco
+class Foo {});
+(@deco
+class {});
 
 const b1 = [];
-(
-  @deco
-  class Foo {}
-);
+(@deco
+class Foo {});
 
 const b2 = [];
-(
-  @deco
-  class {}
-);
+(@deco
+class {});
 
 // This is not a `ClassExpression` but `ClassDeclaration`
 @deco
```

# Output

```js
const a1 = @deco class Foo {};
const a2 = @deco class {};

(@deco
class Foo {});
(@deco
class {});

const b1 = [];
(@deco
class Foo {});

const b2 = [];
(@deco
class {});

// This is not a `ClassExpression` but `ClassDeclaration`
@deco
class Foo {}
```


