---
source: crates/rome_formatter_test/src/snapshot_builder.rs
info: js/decorators/class-expression/member-expression.js
---

# Input

```js
(@deco class Foo {}).name;
(@deco class {}).name;

```


# Prettier differences

```diff
--- Prettier
+++ Rome
@@ -1,8 +1,4 @@
-(
-  @deco
-  class Foo {}
-).name;
-(
-  @deco
-  class {}
-).name;
+(@deco
+class Foo {}).name;
+(@deco
+class {}).name;
```

# Output

```js
(@deco
class Foo {}).name;
(@deco
class {}).name;
```


