---
source: crates/rome_formatter_test/src/snapshot_builder.rs
info: js/decorators/class-expression/super-class.js
---

# Input

```js
class Foo extends (@deco class Foo {}){}

class Foo extends (@deco class {}){}

```


# Prettier differences

```diff
--- Prettier
+++ Rome
@@ -1,9 +1,3 @@
-class Foo extends (
-  @deco
-  class Foo {}
-) {}
+class Foo extends @deco class Foo {} {}
 
-class Foo extends (
-  @deco
-  class {}
-) {}
+class Foo extends @deco class {} {}
```

# Output

```js
class Foo extends @deco class Foo {} {}

class Foo extends @deco class {} {}
```


