---
source: crates/rome_formatter_test/src/snapshot_builder.rs
info: js/decorators/classes.js
---

# Input

```js
@deco class Foo {}

@deco export class Bar {}

@deco export default class Baz {}

const foo = @deco class {
  //
};

const bar =
  @deco
  class {
    //
  };

```


# Prettier differences

```diff
--- Prettier
+++ Rome
@@ -7,18 +7,12 @@
 @deco
 export default class Baz {}
 
-const foo =
-  (
-    @deco
-    class {
-      //
-    }
-  );
+const foo = @deco
+class {
+  //
+};
 
-const bar =
-  (
-    @deco
-    class {
-      //
-    }
-  );
+const bar = @deco
+class {
+  //
+};
```

# Output

```js
@deco
class Foo {}

@deco
export class Bar {}

@deco
export default class Baz {}

const foo = @deco
class {
  //
};

const bar = @deco
class {
  //
};
```

# Errors
```
classes.js:3:1 parse ━━━━━━━━━━━━━━━━━━━━━━━━━━━━━━━━━━━━━━━━━━━━━━━━━━━━━━━━━━━━━━━━━━━━━━━━━━━━━━━

  × Decorators are not valid here.
  
    1 │ @deco class Foo {}
    2 │ 
  > 3 │ @deco export class Bar {}
      │ ^^^^^
    4 │ 
    5 │ @deco export default class Baz {}
  
classes.js:5:1 parse ━━━━━━━━━━━━━━━━━━━━━━━━━━━━━━━━━━━━━━━━━━━━━━━━━━━━━━━━━━━━━━━━━━━━━━━━━━━━━━━

  × Decorators are not valid here.
  
    3 │ @deco export class Bar {}
    4 │ 
  > 5 │ @deco export default class Baz {}
      │ ^^^^^
    6 │ 
    7 │ const foo = @deco class {
  

```


