---
source: crates/rome_formatter_test/src/snapshot_builder.rs
info: js/decorators/comments.js
---

# Input

```js
var x = 100

@Hello({
  a: 'a', // Comment is in the wrong place
  // test
  b: '2'
})
class X {

}


@NgModule({
  // Imports.
  imports: [
    // Angular modules.
    BrowserModule,

    // App modules.
    CoreModule,
    SharedModule,
  ],
})
export class AppModule {}

// A
@Foo()
// B
@Bar()
// C
export class Bar{}

```


# Prettier differences

```diff
--- Prettier
+++ Rome
@@ -1,9 +1,9 @@
 var x = 100;
 
 @Hello({
-  a: "a", // Comment is in the wrong place
+  a: 'a', // Comment is in the wrong place
   // test
-  b: "2",
+  b: '2'
 })
 class X {}
 
```

# Output

```js
var x = 100;

@Hello({
  a: 'a', // Comment is in the wrong place
  // test
  b: '2'
})
class X {}

@NgModule({
  // Imports.
  imports: [
    // Angular modules.
    BrowserModule,

    // App modules.
    CoreModule,
    SharedModule,
  ],
})
export class AppModule {}

// A
@Foo()
// B
@Bar()
// C
export class Bar {}
```

# Errors
```
comments.js:13:1 parse ━━━━━━━━━━━━━━━━━━━━━━━━━━━━━━━━━━━━━━━━━━━━━━━━━━━━━━━━━━━━━━━━━━━━━━━━━━━━━

  × Decorators are not valid here.
  
  > 13 │ @NgModule({
       │ ^^^^^^^^^^^
  > 14 │   // Imports.
        ...
  > 22 │   ],
  > 23 │ })
       │ ^^
    24 │ export class AppModule {}
    25 │ 
  
comments.js:27:1 parse ━━━━━━━━━━━━━━━━━━━━━━━━━━━━━━━━━━━━━━━━━━━━━━━━━━━━━━━━━━━━━━━━━━━━━━━━━━━━━

  × Decorators are not valid here.
  
    26 │ // A
  > 27 │ @Foo()
       │ ^^^^^^
  > 28 │ // B
  > 29 │ @Bar()
       │ ^^^^^^
    30 │ // C
    31 │ export class Bar{}
  

```


