---
source: crates/rome_formatter_test/src/snapshot_builder.rs
info: js/decorators/redux.js
---

# Input

```js
@connect(mapStateToProps, mapDispatchToProps)
export class MyApp extends React.Component {}

@connect(state => ({ todos: state.todos }))
export class Home extends React.Component {}

```


# Prettier differences

```diff
--- Prettier
+++ Rome
@@ -1,5 +1,5 @@
 @connect(mapStateToProps, mapDispatchToProps)
 export class MyApp extends React.Component {}
 
-@connect((state) => ({ todos: state.todos }))
+@connect(state => ({ todos: state.todos }))
 export class Home extends React.Component {}
```

# Output

```js
@connect(mapStateToProps, mapDispatchToProps)
export class MyApp extends React.Component {}

@connect(state => ({ todos: state.todos }))
export class Home extends React.Component {}
```

# Errors
```
redux.js:1:1 parse ━━━━━━━━━━━━━━━━━━━━━━━━━━━━━━━━━━━━━━━━━━━━━━━━━━━━━━━━━━━━━━━━━━━━━━━━━━━━━━━━━

  × Decorators are not valid here.
  
  > 1 │ @connect(mapStateToProps, mapDispatchToProps)
      │ ^^^^^^^^^^^^^^^^^^^^^^^^^^^^^^^^^^^^^^^^^^^^^
    2 │ export class MyApp extends React.Component {}
    3 │ 
  
redux.js:4:1 parse ━━━━━━━━━━━━━━━━━━━━━━━━━━━━━━━━━━━━━━━━━━━━━━━━━━━━━━━━━━━━━━━━━━━━━━━━━━━━━━━━━

  × Decorators are not valid here.
  
    2 │ export class MyApp extends React.Component {}
    3 │ 
  > 4 │ @connect(state => ({ todos: state.todos }))
      │ ^^^^^^^^^^^^^^^^^^^^^^^^^^^^^^^^^^^^^^^^^^^
    5 │ export class Home extends React.Component {}
    6 │ 
  

```


